// Jest Snapshot v1, https://goo.gl/fbAQLP

exports[`NameModal should match snapshot 1`] = `[Function]`;
