// Jest Snapshot v1, https://goo.gl/fbAQLP

exports[`RegistrationPage should match snapshot 1`] = `[Function]`;
