// Jest Snapshot v1, https://goo.gl/fbAQLP

exports[`Uploads should match snapshot 1`] = `[Function]`;
