// Jest Snapshot v1, https://goo.gl/fbAQLP

exports[`WallpaperPage should match snapshot 1`] = `[Function]`;
