// Jest Snapshot v1, https://goo.gl/fbAQLP

exports[`WallpaperList should match snapshot 1`] = `[Function]`;
