// Jest Snapshot v1, https://goo.gl/fbAQLP

exports[`Wallpaper should match snapshot 1`] = `[Function]`;
