// Jest Snapshot v1, https://goo.gl/fbAQLP

exports[`UserForm should match snapshot 1`] = `[Function]`;
